
> physical-ai-robotics-textbook@2.0.0 start
> docusaurus start

[INFO] Starting the development server...
[SUCCESS] Docusaurus website is running at: http://localhost:3000/
[90m[[90mwebpackbar[90m][39m [36mΓä╣[39m Compiling Client
[90m[[90mwebpackbar[90m][39m [32mΓ£ö[39m Client: Compiled with some errors in 54.02s
npm : Error: MDX compilation failed for file "D:\Hackathon 
Project\docs\PART_1\01_physical_ai_fundamentals.md"
At line:1 char:28
+ cd "d:\Hackathon Project"; npm start 2>&1 | tee 
build_output.log
+                            ~~~~~~~~~~~~~~
    + CategoryInfo          : NotSpecified: (Error: MDX com 
   p...undamentals.md":String) [], RemoteException
    + FullyQualifiedErrorId : NativeCommandError
 
Cause: Unexpected character `1` (U+0031) before name, 
expected a character that can start a name, such as a 
letter, `$`, or `_`
Details:
{
  "column": 46,
  "file": "",
  "message": "Unexpected character `1` (U+0031) before 
name, expected a character that can start a name, such as a 
letter, `$`, or `_`",
  "line": 371,
  "name": "371:46",
  "place": {
    "_bufferIndex": 45,
    "_index": 6,
    "line": 371,
    "column": 46,
    "offset": 18204
  },
  "reason": "Unexpected character `1` (U+0031) before name, 
expected a character that can start a name, such as a 
letter, `$`, or `_`",
  "ruleId": "unexpected-character",
  "source": "micromark-extension-mdx-jsx",
  "url": "https://github.com/micromark/micromark-extension-m
dx-jsx#unexpected-character-at-expected-expect"
}

--------------------------

Error: MDX compilation failed for file "D:\Hackathon 
Project\docs\PART_1\02_robotics_systems.md"
Cause: Unexpected character `1` (U+0031) before name, 
expected a character that can start a name, such as a 
letter, `$`, or `_`
Details:
{
  "column": 14,
  "file": "",
  "message": "Unexpected character `1` (U+0031) before 
name, expected a character that can start a name, such as a 
letter, `$`, or `_`",
  "line": 84,
  "name": "84:14",
  "place": {
    "_bufferIndex": 11,
    "_index": 0,
    "line": 84,
    "column": 14,
    "offset": 5338
  },
  "reason": "Unexpected character `1` (U+0031) before name, 
expected a character that can start a name, such as a 
letter, `$`, or `_`",
  "ruleId": "unexpected-character",
  "source": "micromark-extension-mdx-jsx",
  "url": "https://github.com/micromark/micromark-extension-m
dx-jsx#unexpected-character-at-expected-expect"
}

--------------------------

Error: MDX compilation failed for file "D:\Hackathon 
Project\docs\PART_1\03_sim_to_reality.md"
Cause: Unexpected character `8` (U+0038) before name, 
expected a character that can start a name, such as a 
letter, `$`, or `_`
Details:
{
  "column": 29,
  "file": "",
  "message": "Unexpected character `8` (U+0038) before 
name, expected a character that can start a name, such as a 
letter, `$`, or `_`",
  "line": 785,
  "name": "785:29",
  "place": {
    "_bufferIndex": 25,
    "_index": 0,
    "line": 785,
    "column": 29,
    "offset": 40035
  },
  "reason": "Unexpected character `8` (U+0038) before name, 
expected a character that can start a name, such as a 
letter, `$`, or `_`",
  "ruleId": "unexpected-character",
  "source": "micromark-extension-mdx-jsx",
  "url": "https://github.com/micromark/micromark-extension-m
dx-jsx#unexpected-character-at-expected-expect"
}

--------------------------

Error: MDX compilation failed for file "D:\Hackathon 
Project\docs\PART_2\05_nodes_topics_services_actions.md"
Cause: Unexpected character `1` (U+0031) before name, 
expected a character that can start a name, such as a 
letter, `$`, or `_`
Details:
{
  "column": 65,
  "file": "",
  "message": "Unexpected character `1` (U+0031) before 
name, expected a character that can start a name, such as a 
letter, `$`, or `_`",
  "line": 149,
  "name": "149:65",
  "place": {
    "_bufferIndex": 61,
    "_index": 0,
    "line": 149,
    "column": 65,
    "offset": 6548
  },
  "reason": "Unexpected character `1` (U+0031) before name, 
expected a character that can start a name, such as a 
letter, `$`, or `_`",
  "ruleId": "unexpected-character",
  "source": "micromark-extension-mdx-jsx",
  "url": "https://github.com/micromark/micromark-extension-m
dx-jsx#unexpected-character-at-expected-expect"
}

--------------------------

Error: MDX compilation failed for file "D:\Hackathon 
Project\docs\PART_2\06_python_ros2_development.md"
Cause: Unexpected character `1` (U+0031) before name, 
expected a character that can start a name, such as a 
letter, `$`, or `_`
Details:
{
  "column": 22,
  "file": "",
  "message": "Unexpected character `1` (U+0031) before 
name, expected a character that can start a name, such as a 
letter, `$`, or `_`",
  "line": 266,
  "name": "266:22",
  "place": {
    "_bufferIndex": 21,
    "_index": 0,
    "line": 266,
    "column": 22,
    "offset": 8010
  },
  "reason": "Unexpected character `1` (U+0031) before name, 
expected a character that can start a name, such as a 
letter, `$`, or `_`",
  "ruleId": "unexpected-character",
  "source": "micromark-extension-mdx-jsx",
  "url": "https://github.com/micromark/micromark-extension-m
dx-jsx#unexpected-character-at-expected-expect"
}

--------------------------

Error: MDX compilation failed for file "D:\Hackathon 
Project\docs\PART_2\07_agent_ros_communication.md"
Cause: Unexpected character `=` (U+003D) before name, 
expected a character that can start a name, such as a 
letter, `$`, or `_`
Details:
{
  "column": 16,
  "file": "",
  "message": "Unexpected character `=` (U+003D) before 
name, expected a character that can start a name, such as a 
letter, `$`, or `_`",
  "line": 866,
  "name": "866:16",
  "place": {
[1mclient[39m[22m (webpack 5.104.1) compiled with [1m[31m8 errors[39m[22m
    "_bufferIndex": 15,
    "_index": 6,
    "line": 866,
    "column": 16,
    "offset": 30695
  },
  "reason": "Unexpected character `=` (U+003D) before name, 
expected a character that can start a name, such as a 
letter, `$`, or `_`",
  "ruleId": "unexpected-character",
  "source": "micromark-extension-mdx-jsx",
  "url": "https://github.com/micromark/micromark-extension-m
dx-jsx#unexpected-character-at-expected-expect"
}

--------------------------

Error: MDX compilation failed for file "D:\Hackathon 
Project\docs\PART_2\08_urdf_robot_description.md"
Cause: Unexpected character `!` (U+0021) before name, 
expected a character that can start a name, such as a 
letter, `$`, or `_` (note: to create a comment in MDX, use 
`{/* text */}`)
Details:
{
  "column": 30,
  "file": "",
  "message": "Unexpected character `!` (U+0021) before 
name, expected a character that can start a name, such as a 
letter, `$`, or `_` (note: to create a comment in MDX, use 
`{/* text */}`)",
  "line": 840,
  "name": "840:30",
  "place": {
    "_bufferIndex": 29,
    "_index": 73,
    "line": 840,
    "column": 30,
    "offset": 26243
  },
  "reason": "Unexpected character `!` (U+0021) before name, 
expected a character that can start a name, such as a 
letter, `$`, or `_` (note: to create a comment in MDX, use 
`{/* text */}`)",
  "ruleId": "unexpected-character",
  "source": "micromark-extension-mdx-jsx",
  "url": "https://github.com/micromark/micromark-extension-m
dx-jsx#unexpected-character-at-expected-expect"
}

--------------------------

Error: MDX compilation failed for file "D:\Hackathon 
Project\docs\glossary.md"
Cause: Unexpected character `0` (U+0030) before name, 
expected a character that can start a name, such as a 
letter, `$`, or `_`
Details:
{
  "column": 50,
  "file": "",
  "message": "Unexpected character `0` (U+0030) before 
name, expected a character that can start a name, such as a 
letter, `$`, or `_`",
  "line": 38,
  "name": "38:50",
  "place": {
    "_bufferIndex": 47,
    "_index": 0,
    "line": 38,
    "column": 50,
    "offset": 1434
  },
  "reason": "Unexpected character `0` (U+0030) before name, 
expected a character that can start a name, such as a 
letter, `$`, or `_`",
  "ruleId": "unexpected-character",
  "source": "micromark-extension-mdx-jsx",
  "url": "https://github.com/micromark/micromark-extension-m
dx-jsx#unexpected-character-at-expected-expect"
}
[90m[[90mwebpackbar[90m][39m [36mΓä╣[39m Compiling Client
[90m[[90mwebpackbar[90m][39m [32mΓ£ö[39m Client: Compiled with some errors in 2.81s
Error: MDX compilation failed for file "D:\Hackathon 
Project\docs\PART_1\01_physical_ai_fundamentals.md"
Cause: Unexpected character `1` (U+0031) before name, 
expected a character that can start a name, such as a 
letter, `$`, or `_`
Details:
{
  "column": 46,
  "file": "",
  "message": "Unexpected character `1` (U+0031) before 
name, expected a character that can start a name, such as a 
letter, `$`, or `_`",
  "line": 371,
  "name": "371:46",
  "place": {
    "_bufferIndex": 45,
    "_index": 6,
    "line": 371,
    "column": 46,
    "offset": 18219
  },
  "reason": "Unexpected character `1` (U+0031) before name, 
expected a character that can start a name, such as a 
letter, `$`, or `_`",
  "ruleId": "unexpected-character",
  "source": "micromark-extension-mdx-jsx",
  "url": "https://github.com/micromark/micromark-extension-m
dx-jsx#unexpected-character-at-expected-expect"
}

--------------------------

Error: MDX compilation failed for file "D:\Hackathon 
Project\docs\PART_1\02_robotics_systems.md"
Cause: Unexpected character `1` (U+0031) before name, 
expected a character that can start a name, such as a 
letter, `$`, or `_`
Details:
{
  "column": 14,
  "file": "",
  "message": "Unexpected character `1` (U+0031) before 
name, expected a character that can start a name, such as a 
letter, `$`, or `_`",
  "line": 84,
  "name": "84:14",
  "place": {
    "_bufferIndex": 11,
    "_index": 0,
    "line": 84,
    "column": 14,
    "offset": 5338
  },
  "reason": "Unexpected character `1` (U+0031) before name, 
expected a character that can start a name, such as a 
letter, `$`, or `_`",
  "ruleId": "unexpected-character",
  "source": "micromark-extension-mdx-jsx",
  "url": "https://github.com/micromark/micromark-extension-m
dx-jsx#unexpected-character-at-expected-expect"
}

--------------------------

Error: MDX compilation failed for file "D:\Hackathon 
Project\docs\PART_1\03_sim_to_reality.md"
Cause: Unexpected character `8` (U+0038) before name, 
expected a character that can start a name, such as a 
letter, `$`, or `_`
Details:
{
  "column": 29,
  "file": "",
  "message": "Unexpected character `8` (U+0038) before 
name, expected a character that can start a name, such as a 
letter, `$`, or `_`",
  "line": 785,
  "name": "785:29",
  "place": {
    "_bufferIndex": 25,
    "_index": 0,
    "line": 785,
    "column": 29,
    "offset": 40035
  },
  "reason": "Unexpected character `8` (U+0038) before name, 
expected a character that can start a name, such as a 
letter, `$`, or `_`",
  "ruleId": "unexpected-character",
  "source": "micromark-extension-mdx-jsx",
  "url": "https://github.com/micromark/micromark-extension-m
dx-jsx#unexpected-character-at-expected-expect"
}

--------------------------

Error: MDX compilation failed for file "D:\Hackathon 
Project\docs\PART_2\05_nodes_topics_services_actions.md"
Cause: Unexpected character `1` (U+0031) before name, 
expected a character that can start a name, such as a 
letter, `$`, or `_`
Details:
{
  "column": 65,
  "file": "",
  "message": "Unexpected character `1` (U+0031) before 
name, expected a character that can start a name, such as a 
letter, `$`, or `_`",
  "line": 149,
  "name": "149:65",
  "place": {
    "_bufferIndex": 61,
    "_index": 0,
    "line": 149,
    "column": 65,
    "offset": 6548
  },
  "reason": "Unexpected character `1` (U+0031) before name, 
expected a character that can start a name, such as a 
letter, `$`, or `_`",
  "ruleId": "unexpected-character",
  "source": "micromark-extension-mdx-jsx",
  "url": "https://github.com/micromark/micromark-extension-m
dx-jsx#unexpected-character-at-expected-expect"
}

--------------------------

Error: MDX compilation failed for file "D:\Hackathon 
Project\docs\PART_2\06_python_ros2_development.md"
Cause: Unexpected character `1` (U+0031) before name, 
expected a character that can start a name, such as a 
letter, `$`, or `_`
Details:
{
  "column": 22,
  "file": "",
  "message": "Unexpected character `1` (U+0031) before 
name, expected a character that can start a name, such as a 
letter, `$`, or `_`",
  "line": 266,
  "name": "266:22",
  "place": {
    "_bufferIndex": 21,
    "_index": 0,
    "line": 266,
    "column": 22,
    "offset": 8010
  },
  "reason": "Unexpected character `1` (U+0031) before name, 
expected a character that can start a name, such as a 
letter, `$`, or `_`",
  "ruleId": "unexpected-character",
  "source": "micromark-extension-mdx-jsx",
  "url": "https://github.com/micromark/micromark-extension-m
dx-jsx#unexpected-character-at-expected-expect"
}

--------------------------

Error: MDX compilation failed for file "D:\Hackathon 
Project\docs\PART_2\07_agent_ros_communication.md"
Cause: Unexpected character `=` (U+003D) before name, 
expected a character that can start a name, such as a 
letter, `$`, or `_`
Details:
{
  "column": 16,
  "file": "",
  "message": "Unexpected character `=` (U+003D) before 
name, expected a character that can start a name, such as a 
letter, `$`, or `_`",
  "line": 866,
  "name": "866:16",
  "place": {
    "_bufferIndex": 15,
    "_index": 6,
    "line": 866,
[1mclient[39m[22m (webpack 5.104.1) compiled with [1m[31m8 errors[39m[22m
    "column": 16,
    "offset": 30695
  },
  "reason": "Unexpected character `=` (U+003D) before name, 
expected a character that can start a name, such as a 
letter, `$`, or `_`",
  "ruleId": "unexpected-character",
  "source": "micromark-extension-mdx-jsx",
  "url": "https://github.com/micromark/micromark-extension-m
dx-jsx#unexpected-character-at-expected-expect"
}

--------------------------

Error: MDX compilation failed for file "D:\Hackathon 
Project\docs\PART_2\08_urdf_robot_description.md"
Cause: Unexpected character `!` (U+0021) before name, 
expected a character that can start a name, such as a 
letter, `$`, or `_` (note: to create a comment in MDX, use 
`{/* text */}`)
Details:
{
  "column": 30,
  "file": "",
  "message": "Unexpected character `!` (U+0021) before 
name, expected a character that can start a name, such as a 
letter, `$`, or `_` (note: to create a comment in MDX, use 
`{/* text */}`)",
  "line": 840,
  "name": "840:30",
  "place": {
    "_bufferIndex": 29,
    "_index": 73,
    "line": 840,
    "column": 30,
    "offset": 26243
  },
  "reason": "Unexpected character `!` (U+0021) before name, 
expected a character that can start a name, such as a 
letter, `$`, or `_` (note: to create a comment in MDX, use 
`{/* text */}`)",
  "ruleId": "unexpected-character",
  "source": "micromark-extension-mdx-jsx",
  "url": "https://github.com/micromark/micromark-extension-m
dx-jsx#unexpected-character-at-expected-expect"
}

--------------------------

Error: MDX compilation failed for file "D:\Hackathon 
Project\docs\glossary.md"
Cause: Unexpected character `0` (U+0030) before name, 
expected a character that can start a name, such as a 
letter, `$`, or `_`
Details:
{
  "column": 50,
  "file": "",
  "message": "Unexpected character `0` (U+0030) before 
name, expected a character that can start a name, such as a 
letter, `$`, or `_`",
  "line": 38,
  "name": "38:50",
  "place": {
    "_bufferIndex": 47,
    "_index": 0,
    "line": 38,
    "column": 50,
    "offset": 1434
  },
  "reason": "Unexpected character `0` (U+0030) before name, 
expected a character that can start a name, such as a 
letter, `$`, or `_`",
  "ruleId": "unexpected-character",
  "source": "micromark-extension-mdx-jsx",
  "url": "https://github.com/micromark/micromark-extension-m
dx-jsx#unexpected-character-at-expected-expect"
}
<w> [webpack.cache.PackFileCacheStrategy] Skipped not 
serializable cache item 'Compilation/modules|D:\Hackathon Pr
oject\node_modules\@docusaurus\mdx-loader\lib\index.js??rule
Set[1].rules[8].use[0]!D:\Hackathon 
Project\docs\glossary.md': No serializer registered for 
VFileMessage
<w> while serializing 
webpack/lib/cache/PackFileCacheStrategy.PackContentItems -> 
webpack/lib/NormalModule -> webpack/lib/ModuleBuildError -> 
Error -> VFileMessage
<w> [webpack.cache.PackFileCacheStrategy] Skipped not 
serializable cache item 'Compilation/modules|D:\Hackathon Pr
oject\node_modules\@docusaurus\mdx-loader\lib\index.js??rule
Set[1].rules[8].use[0]!D:\Hackathon 
Project\docs\PART_1\01_physical_ai_fundamentals.md': No 
serializer registered for VFileMessage
<w> while serializing 
webpack/lib/cache/PackFileCacheStrategy.PackContentItems -> 
webpack/lib/NormalModule -> webpack/lib/ModuleBuildError -> 
Error -> VFileMessage
<w> [webpack.cache.PackFileCacheStrategy] Skipped not 
serializable cache item 'Compilation/modules|D:\Hackathon Pr
oject\node_modules\@docusaurus\mdx-loader\lib\index.js??rule
Set[1].rules[8].use[0]!D:\Hackathon 
Project\docs\PART_1\02_robotics_systems.md': No serializer 
registered for VFileMessage
<w> while serializing 
webpack/lib/cache/PackFileCacheStrategy.PackContentItems -> 
webpack/lib/NormalModule -> webpack/lib/ModuleBuildError -> 
Error -> VFileMessage
<w> [webpack.cache.PackFileCacheStrategy] Skipped not 
serializable cache item 'Compilation/modules|D:\Hackathon Pr
oject\node_modules\@docusaurus\mdx-loader\lib\index.js??rule
Set[1].rules[8].use[0]!D:\Hackathon 
Project\docs\PART_1\03_sim_to_reality.md': No serializer 
registered for VFileMessage
<w> while serializing 
webpack/lib/cache/PackFileCacheStrategy.PackContentItems -> 
webpack/lib/NormalModule -> webpack/lib/ModuleBuildError -> 
Error -> VFileMessage
<w> [webpack.cache.PackFileCacheStrategy] Skipped not 
serializable cache item 'Compilation/modules|D:\Hackathon Pr
oject\node_modules\@docusaurus\mdx-loader\lib\index.js??rule
Set[1].rules[8].use[0]!D:\Hackathon 
Project\docs\PART_2\07_agent_ros_communication.md': No 
serializer registered for VFileMessage
<w> while serializing 
webpack/lib/cache/PackFileCacheStrategy.PackContentItems -> 
webpack/lib/NormalModule -> webpack/lib/ModuleBuildError -> 
Error -> VFileMessage
<w> [webpack.cache.PackFileCacheStrategy] Skipped not 
serializable cache item 'Compilation/modules|D:\Hackathon Pr
oject\node_modules\@docusaurus\mdx-loader\lib\index.js??rule
Set[1].rules[8].use[0]!D:\Hackathon 
Project\docs\PART_2\05_nodes_topics_services_actions.md': 
No serializer registered for VFileMessage
<w> while serializing 
webpack/lib/cache/PackFileCacheStrategy.PackContentItems -> 
webpack/lib/NormalModule -> webpack/lib/ModuleBuildError -> 
Error -> VFileMessage
<w> [webpack.cache.PackFileCacheStrategy] Skipped not 
serializable cache item 'Compilation/modules|D:\Hackathon Pr
oject\node_modules\@docusaurus\mdx-loader\lib\index.js??rule
Set[1].rules[8].use[0]!D:\Hackathon 
Project\docs\PART_2\06_python_ros2_development.md': No 
serializer registered for VFileMessage
<w> while serializing 
webpack/lib/cache/PackFileCacheStrategy.PackContentItems -> 
webpack/lib/NormalModule -> webpack/lib/ModuleBuildError -> 
Error -> VFileMessage
<w> [webpack.cache.PackFileCacheStrategy] Skipped not 
serializable cache item 'Compilation/modules|D:\Hackathon Pr
oject\node_modules\@docusaurus\mdx-loader\lib\index.js??rule
Set[1].rules[8].use[0]!D:\Hackathon 
Project\docs\PART_2\08_urdf_robot_description.md': No 
serializer registered for VFileMessage
<w> while serializing 
webpack/lib/cache/PackFileCacheStrategy.PackContentItems -> 
webpack/lib/NormalModule -> webpack/lib/ModuleBuildError -> 
Error -> VFileMessage
<w> [webpack.cache.PackFileCacheStrategy] Skipped not 
serializable cache item 'Compilation/modules|D:\Hackathon Pr
oject\node_modules\@docusaurus\mdx-loader\lib\index.js??rule
Set[1].rules[8].use[0]!D:\Hackathon 
Project\docs\glossary.md': No serializer registered for 
VFileMessage
<w> while serializing 
webpack/lib/cache/PackFileCacheStrategy.PackContentItems -> 
webpack/lib/NormalModule -> webpack/lib/ModuleBuildError -> 
Error -> VFileMessage
<w> [webpack.cache.PackFileCacheStrategy] Skipped not 
serializable cache item 'Compilation/modules|D:\Hackathon Pr
oject\node_modules\@docusaurus\mdx-loader\lib\index.js??rule
Set[1].rules[8].use[0]!D:\Hackathon 
Project\docs\PART_1\02_robotics_systems.md': No serializer 
registered for VFileMessage
<w> while serializing 
webpack/lib/cache/PackFileCacheStrategy.PackContentItems -> 
webpack/lib/NormalModule -> webpack/lib/ModuleBuildError -> 
Error -> VFileMessage
<w> [webpack.cache.PackFileCacheStrategy] Skipped not 
serializable cache item 'Compilation/modules|D:\Hackathon Pr
oject\node_modules\@docusaurus\mdx-loader\lib\index.js??rule
Set[1].rules[8].use[0]!D:\Hackathon 
Project\docs\PART_1\03_sim_to_reality.md': No serializer 
registered for VFileMessage
<w> while serializing 
webpack/lib/cache/PackFileCacheStrategy.PackContentItems -> 
webpack/lib/NormalModule -> webpack/lib/ModuleBuildError -> 
Error -> VFileMessage
<w> [webpack.cache.PackFileCacheStrategy] Skipped not 
serializable cache item 'Compilation/modules|D:\Hackathon Pr
oject\node_modules\@docusaurus\mdx-loader\lib\index.js??rule
Set[1].rules[8].use[0]!D:\Hackathon 
Project\docs\PART_2\07_agent_ros_communication.md': No 
serializer registered for VFileMessage
<w> while serializing 
webpack/lib/cache/PackFileCacheStrategy.PackContentItems -> 
webpack/lib/NormalModule -> webpack/lib/ModuleBuildError -> 
Error -> VFileMessage
<w> [webpack.cache.PackFileCacheStrategy] Skipped not 
serializable cache item 'Compilation/modules|D:\Hackathon Pr
oject\node_modules\@docusaurus\mdx-loader\lib\index.js??rule
Set[1].rules[8].use[0]!D:\Hackathon 
Project\docs\PART_2\05_nodes_topics_services_actions.md': 
No serializer registered for VFileMessage
<w> while serializing 
webpack/lib/cache/PackFileCacheStrategy.PackContentItems -> 
webpack/lib/NormalModule -> webpack/lib/ModuleBuildError -> 
Error -> VFileMessage
<w> [webpack.cache.PackFileCacheStrategy] Skipped not 
serializable cache item 'Compilation/modules|D:\Hackathon Pr
oject\node_modules\@docusaurus\mdx-loader\lib\index.js??rule
Set[1].rules[8].use[0]!D:\Hackathon 
Project\docs\PART_2\06_python_ros2_development.md': No 
serializer registered for VFileMessage
<w> while serializing 
webpack/lib/cache/PackFileCacheStrategy.PackContentItems -> 
webpack/lib/NormalModule -> webpack/lib/ModuleBuildError -> 
Error -> VFileMessage
<w> [webpack.cache.PackFileCacheStrategy] Skipped not 
serializable cache item 'Compilation/modules|D:\Hackathon Pr
oject\node_modules\@docusaurus\mdx-loader\lib\index.js??rule
Set[1].rules[8].use[0]!D:\Hackathon 
Project\docs\PART_2\08_urdf_robot_description.md': No 
serializer registered for VFileMessage
<w> while serializing 
webpack/lib/cache/PackFileCacheStrategy.PackContentItems -> 
webpack/lib/NormalModule -> webpack/lib/ModuleBuildError -> 
Error -> VFileMessage
<w> [webpack.cache.PackFileCacheStrategy] Skipped not 
serializable cache item 'Compilation/modules|D:\Hackathon Pr
oject\node_modules\@docusaurus\mdx-loader\lib\index.js??rule
Set[1].rules[8].use[0]!D:\Hackathon 
Project\docs\PART_1\01_physical_ai_fundamentals.md': No 
serializer registered for VFileMessage
<w> while serializing 
webpack/lib/cache/PackFileCacheStrategy.PackContentItems -> 
webpack/lib/NormalModule -> webpack/lib/ModuleBuildError -> 
Error -> VFileMessage
[90m[[90mwebpackbar[90m][39m [36mΓä╣[39m Compiling Client
[90m[[90mwebpackbar[90m][39m [32mΓ£ö[39m Client: Compiled with some errors in 2.88s
Error: MDX compilation failed for file "D:\Hackathon 
Project\docs\PART_1\01_physical_ai_fundamentals.md"
Cause: Unexpected character `1` (U+0031) before name, 
expected a character that can start a name, such as a 
letter, `$`, or `_`
Details:
{
  "column": 46,
  "file": "",
  "message": "Unexpected character `1` (U+0031) before 
name, expected a character that can start a name, such as a 
letter, `$`, or `_`",
  "line": 371,
  "name": "371:46",
  "place": {
    "_bufferIndex": 45,
    "_index": 6,
    "line": 371,
    "column": 46,
    "offset": 18219
  },
  "reason": "Unexpected character `1` (U+0031) before name, 
expected a character that can start a name, such as a 
letter, `$`, or `_`",
  "ruleId": "unexpected-character",
  "source": "micromark-extension-mdx-jsx",
  "url": "https://github.com/micromark/micromark-extension-m
dx-jsx#unexpected-character-at-expected-expect"
}

--------------------------

Error: MDX compilation failed for file "D:\Hackathon 
Project\docs\PART_1\02_robotics_systems.md"
Cause: Unexpected character `1` (U+0031) before name, 
expected a character that can start a name, such as a 
letter, `$`, or `_`
Details:
{
  "column": 14,
  "file": "",
  "message": "Unexpected character `1` (U+0031) before 
name, expected a character that can start a name, such as a 
letter, `$`, or `_`",
  "line": 84,
  "name": "84:14",
  "place": {
    "_bufferIndex": 11,
    "_index": 0,
    "line": 84,
    "column": 14,
    "offset": 5338
  },
  "reason": "Unexpected character `1` (U+0031) before name, 
expected a character that can start a name, such as a 
letter, `$`, or `_`",
  "ruleId": "unexpected-character",
  "source": "micromark-extension-mdx-jsx",
  "url": "https://github.com/micromark/micromark-extension-m
dx-jsx#unexpected-character-at-expected-expect"
}

--------------------------

Error: MDX compilation failed for file "D:\Hackathon 
Project\docs\PART_1\03_sim_to_reality.md"
Cause: Unexpected character `8` (U+0038) before name, 
expected a character that can start a name, such as a 
letter, `$`, or `_`
Details:
{
  "column": 29,
  "file": "",
  "message": "Unexpected character `8` (U+0038) before 
name, expected a character that can start a name, such as a 
letter, `$`, or `_`",
  "line": 785,
  "name": "785:29",
  "place": {
    "_bufferIndex": 25,
    "_index": 0,
    "line": 785,
    "column": 29,
    "offset": 40035
  },
  "reason": "Unexpected character `8` (U+0038) before name, 
expected a character that can start a name, such as a 
letter, `$`, or `_`",
  "ruleId": "unexpected-character",
  "source": "micromark-extension-mdx-jsx",
  "url": "https://github.com/micromark/micromark-extension-m
dx-jsx#unexpected-character-at-expected-expect"
}

--------------------------

Error: MDX compilation failed for file "D:\Hackathon 
Project\docs\PART_2\05_nodes_topics_services_actions.md"
Cause: Unexpected character `1` (U+0031) before name, 
expected a character that can start a name, such as a 
letter, `$`, or `_`
Details:
{
  "column": 65,
  "file": "",
  "message": "Unexpected character `1` (U+0031) before 
name, expected a character that can start a name, such as a 
letter, `$`, or `_`",
  "line": 149,
  "name": "149:65",
  "place": {
    "_bufferIndex": 61,
    "_index": 0,
    "line": 149,
    "column": 65,
    "offset": 6548
  },
  "reason": "Unexpected character `1` (U+0031) before name, 
expected a character that can start a name, such as a 
letter, `$`, or `_`",
  "ruleId": "unexpected-character",
  "source": "micromark-extension-mdx-jsx",
  "url": "https://github.com/micromark/micromark-extension-m
dx-jsx#unexpected-character-at-expected-expect"
}

--------------------------

Error: MDX compilation failed for file "D:\Hackathon 
Project\docs\PART_2\06_python_ros2_development.md"
Cause: Unexpected character `1` (U+0031) before name, 
expected a character that can start a name, such as a 
letter, `$`, or `_`
Details:
{
  "column": 22,
  "file": "",
  "message": "Unexpected character `1` (U+0031) before 
name, expected a character that can start a name, such as a 
letter, `$`, or `_`",
  "line": 266,
  "name": "266:22",
  "place": {
    "_bufferIndex": 21,
    "_index": 0,
    "line": 266,
    "column": 22,
    "offset": 8010
  },
  "reason": "Unexpected character `1` (U+0031) before name, 
expected a character that can start a name, such as a 
letter, `$`, or `_`",
  "ruleId": "unexpected-character",
  "source": "micromark-extension-mdx-jsx",
  "url": "https://github.com/micromark/micromark-extension-m
dx-jsx#unexpected-character-at-expected-expect"
}

--------------------------

Error: MDX compilation failed for file "D:\Hackathon 
Project\docs\PART_2\07_agent_ros_communication.md"
Cause: Unexpected character `=` (U+003D) before name, 
expected a character that can start a name, such as a 
letter, `$`, or `_`
Details:
{
  "column": 16,
  "file": "",
  "message": "Unexpected character `=` (U+003D) before 
name, expected a character that can start a name, such as a 
letter, `$`, or `_`",
  "line": 866,
  "name": "866:16",
  "place": {
    "_bufferIndex": 15,
    "_index": 6,
    "line": 866,
    "column": 16,
    "offset": 30695
  },
  "reason": "Unexpected character `=` (U+003D) before name, 
expected a character that can start a name, such as a 
letter, `$`, or `_`",
  "ruleId": "unexpected-character",
  "source": "micromark-extension-mdx-jsx",
  "url": "https://github.com/micromark/micromark-extension-m
dx-jsx#unexpected-character-at-expected-expect"
}

--------------------------

Error: MDX compilation failed for file "D:\Hackathon 
Project\docs\PART_2\08_urdf_robot_description.md"
Cause: Unexpected character `!` (U+0021) before name, 
expected a character that can start a name, such as a 
letter, `$`, or `_` (note: to create a comment in MDX, use 
`{/* text */}`)
[1mclient[39m[22m (webpack 5.104.1) compiled with [1m[31m8 errors[39m[22m
Details:
{
  "column": 30,
  "file": "",
  "message": "Unexpected character `!` (U+0021) before 
name, expected a character that can start a name, such as a 
letter, `$`, or `_` (note: to create a comment in MDX, use 
`{/* text */}`)",
  "line": 840,
  "name": "840:30",
  "place": {
    "_bufferIndex": 29,
    "_index": 73,
    "line": 840,
    "column": 30,
    "offset": 26243
  },
  "reason": "Unexpected character `!` (U+0021) before name, 
expected a character that can start a name, such as a 
letter, `$`, or `_` (note: to create a comment in MDX, use 
`{/* text */}`)",
  "ruleId": "unexpected-character",
  "source": "micromark-extension-mdx-jsx",
  "url": "https://github.com/micromark/micromark-extension-m
dx-jsx#unexpected-character-at-expected-expect"
}

--------------------------

Error: MDX compilation failed for file "D:\Hackathon 
Project\docs\glossary.md"
Cause: Unexpected character `0` (U+0030) before name, 
expected a character that can start a name, such as a 
letter, `$`, or `_`
Details:
{
  "column": 50,
  "file": "",
  "message": "Unexpected character `0` (U+0030) before 
name, expected a character that can start a name, such as a 
letter, `$`, or `_`",
  "line": 38,
  "name": "38:50",
  "place": {
    "_bufferIndex": 47,
    "_index": 0,
    "line": 38,
    "column": 50,
    "offset": 1434
  },
  "reason": "Unexpected character `0` (U+0030) before name, 
expected a character that can start a name, such as a 
letter, `$`, or `_`",
  "ruleId": "unexpected-character",
  "source": "micromark-extension-mdx-jsx",
  "url": "https://github.com/micromark/micromark-extension-m
dx-jsx#unexpected-character-at-expected-expect"
}
<w> [webpack.cache.PackFileCacheStrategy] Skipped not 
serializable cache item 'Compilation/modules|D:\Hackathon Pr
oject\node_modules\@docusaurus\mdx-loader\lib\index.js??rule
Set[1].rules[8].use[0]!D:\Hackathon 
Project\docs\glossary.md': No serializer registered for 
VFileMessage
<w> while serializing 
webpack/lib/cache/PackFileCacheStrategy.PackContentItems -> 
webpack/lib/NormalModule -> webpack/lib/ModuleBuildError -> 
Error -> VFileMessage
<w> [webpack.cache.PackFileCacheStrategy] Skipped not 
serializable cache item 'Compilation/modules|D:\Hackathon Pr
oject\node_modules\@docusaurus\mdx-loader\lib\index.js??rule
Set[1].rules[8].use[0]!D:\Hackathon 
Project\docs\PART_1\02_robotics_systems.md': No serializer 
registered for VFileMessage
<w> while serializing 
webpack/lib/cache/PackFileCacheStrategy.PackContentItems -> 
webpack/lib/NormalModule -> webpack/lib/ModuleBuildError -> 
Error -> VFileMessage
<w> [webpack.cache.PackFileCacheStrategy] Skipped not 
serializable cache item 'Compilation/modules|D:\Hackathon Pr
oject\node_modules\@docusaurus\mdx-loader\lib\index.js??rule
Set[1].rules[8].use[0]!D:\Hackathon 
Project\docs\PART_1\03_sim_to_reality.md': No serializer 
registered for VFileMessage
<w> while serializing 
webpack/lib/cache/PackFileCacheStrategy.PackContentItems -> 
webpack/lib/NormalModule -> webpack/lib/ModuleBuildError -> 
Error -> VFileMessage
<w> [webpack.cache.PackFileCacheStrategy] Skipped not 
serializable cache item 'Compilation/modules|D:\Hackathon Pr
oject\node_modules\@docusaurus\mdx-loader\lib\index.js??rule
Set[1].rules[8].use[0]!D:\Hackathon 
Project\docs\PART_2\05_nodes_topics_services_actions.md': 
No serializer registered for VFileMessage
<w> while serializing 
webpack/lib/cache/PackFileCacheStrategy.PackContentItems -> 
webpack/lib/NormalModule -> webpack/lib/ModuleBuildError -> 
Error -> VFileMessage
<w> [webpack.cache.PackFileCacheStrategy] Skipped not 
serializable cache item 'Compilation/modules|D:\Hackathon Pr
oject\node_modules\@docusaurus\mdx-loader\lib\index.js??rule
Set[1].rules[8].use[0]!D:\Hackathon 
Project\docs\PART_2\07_agent_ros_communication.md': No 
serializer registered for VFileMessage
<w> while serializing 
webpack/lib/cache/PackFileCacheStrategy.PackContentItems -> 
webpack/lib/NormalModule -> webpack/lib/ModuleBuildError -> 
Error -> VFileMessage
<w> [webpack.cache.PackFileCacheStrategy] Skipped not 
serializable cache item 'Compilation/modules|D:\Hackathon Pr
oject\node_modules\@docusaurus\mdx-loader\lib\index.js??rule
Set[1].rules[8].use[0]!D:\Hackathon 
Project\docs\PART_2\06_python_ros2_development.md': No 
serializer registered for VFileMessage
<w> while serializing 
webpack/lib/cache/PackFileCacheStrategy.PackContentItems -> 
webpack/lib/NormalModule -> webpack/lib/ModuleBuildError -> 
Error -> VFileMessage
<w> [webpack.cache.PackFileCacheStrategy] Skipped not 
serializable cache item 'Compilation/modules|D:\Hackathon Pr
oject\node_modules\@docusaurus\mdx-loader\lib\index.js??rule
Set[1].rules[8].use[0]!D:\Hackathon 
Project\docs\PART_2\08_urdf_robot_description.md': No 
serializer registered for VFileMessage
<w> while serializing 
webpack/lib/cache/PackFileCacheStrategy.PackContentItems -> 
webpack/lib/NormalModule -> webpack/lib/ModuleBuildError -> 
Error -> VFileMessage
<w> [webpack.cache.PackFileCacheStrategy] Skipped not 
serializable cache item 'Compilation/modules|D:\Hackathon Pr
oject\node_modules\@docusaurus\mdx-loader\lib\index.js??rule
Set[1].rules[8].use[0]!D:\Hackathon 
Project\docs\PART_1\01_physical_ai_fundamentals.md': No 
serializer registered for VFileMessage
<w> while serializing 
webpack/lib/cache/PackFileCacheStrategy.PackContentItems -> 
webpack/lib/NormalModule -> webpack/lib/ModuleBuildError -> 
Error -> VFileMessage
[90m[[90mwebpackbar[90m][39m [36mΓä╣[39m Compiling Client
[90m[[90mwebpackbar[90m][39m [32mΓ£ö[39m Client: Compiled with some errors in 7.78s
Error: MDX compilation failed for file "D:\Hackathon 
Project\docs\PART_1\01_physical_ai_fundamentals.md"
Cause: Unexpected character `1` (U+0031) before name, 
expected a character that can start a name, such as a 
letter, `$`, or `_`
Details:
{
  "column": 46,
  "file": "",
  "message": "Unexpected character `1` (U+0031) before 
name, expected a character that can start a name, such as a 
letter, `$`, or `_`",
  "line": 371,
  "name": "371:46",
  "place": {
    "_bufferIndex": 45,
    "_index": 6,
    "line": 371,
    "column": 46,
    "offset": 18219
  },
  "reason": "Unexpected character `1` (U+0031) before name, 
expected a character that can start a name, such as a 
letter, `$`, or `_`",
  "ruleId": "unexpected-character",
  "source": "micromark-extension-mdx-jsx",
  "url": "https://github.com/micromark/micromark-extension-m
dx-jsx#unexpected-character-at-expected-expect"
}

--------------------------

Error: MDX compilation failed for file "D:\Hackathon 
Project\docs\PART_1\02_robotics_systems.md"
Cause: Unexpected character `1` (U+0031) before name, 
expected a character that can start a name, such as a 
letter, `$`, or `_`
Details:
{
  "column": 14,
  "file": "",
  "message": "Unexpected character `1` (U+0031) before 
name, expected a character that can start a name, such as a 
letter, `$`, or `_`",
  "line": 84,
  "name": "84:14",
  "place": {
    "_bufferIndex": 11,
    "_index": 0,
    "line": 84,
    "column": 14,
    "offset": 5338
  },
  "reason": "Unexpected character `1` (U+0031) before name, 
expected a character that can start a name, such as a 
letter, `$`, or `_`",
  "ruleId": "unexpected-character",
  "source": "micromark-extension-mdx-jsx",
  "url": "https://github.com/micromark/micromark-extension-m
dx-jsx#unexpected-character-at-expected-expect"
}

--------------------------

Error: MDX compilation failed for file "D:\Hackathon 
Project\docs\PART_1\03_sim_to_reality.md"
Cause: Unexpected character `8` (U+0038) before name, 
expected a character that can start a name, such as a 
letter, `$`, or `_`
Details:
{
  "column": 29,
  "file": "",
  "message": "Unexpected character `8` (U+0038) before 
name, expected a character that can start a name, such as a 
letter, `$`, or `_`",
  "line": 785,
  "name": "785:29",
  "place": {
    "_bufferIndex": 25,
    "_index": 0,
    "line": 785,
    "column": 29,
    "offset": 40035
  },
  "reason": "Unexpected character `8` (U+0038) before name, 
expected a character that can start a name, such as a 
letter, `$`, or `_`",
  "ruleId": "unexpected-character",
  "source": "micromark-extension-mdx-jsx",
  "url": "https://github.com/micromark/micromark-extension-m
dx-jsx#unexpected-character-at-expected-expect"
}

--------------------------

Error: MDX compilation failed for file "D:\Hackathon 
Project\docs\PART_2\05_nodes_topics_services_actions.md"
Cause: Unexpected character `1` (U+0031) before name, 
expected a character that can start a name, such as a 
letter, `$`, or `_`
Details:
{
  "column": 65,
  "file": "",
  "message": "Unexpected character `1` (U+0031) before 
name, expected a character that can start a name, such as a 
letter, `$`, or `_`",
  "line": 149,
  "name": "149:65",
  "place": {
    "_bufferIndex": 61,
    "_index": 0,
    "line": 149,
    "column": 65,
    "offset": 6548
  },
  "reason": "Unexpected character `1` (U+0031) before name, 
expected a character that can start a name, such as a 
letter, `$`, or `_`",
  "ruleId": "unexpected-character",
  "source": "micromark-extension-mdx-jsx",
  "url": "https://github.com/micromark/micromark-extension-m
dx-jsx#unexpected-character-at-expected-expect"
}

--------------------------

Error: MDX compilation failed for file "D:\Hackathon 
Project\docs\PART_2\06_python_ros2_development.md"
Cause: Unexpected character `1` (U+0031) before name, 
expected a character that can start a name, such as a 
letter, `$`, or `_`
Details:
{
  "column": 22,
  "file": "",
  "message": "Unexpected character `1` (U+0031) before 
name, expected a character that can start a name, such as a 
letter, `$`, or `_`",
  "line": 266,
  "name": "266:22",
  "place": {
    "_bufferIndex": 21,
    "_index": 0,
    "line": 266,
    "column": 22,
    "offset": 8010
  },
  "reason": "Unexpected character `1` (U+0031) before name, 
expected a character that can start a name, such as a 
letter, `$`, or `_`",
  "ruleId": "unexpected-character",
  "source": "micromark-extension-mdx-jsx",
  "url": "https://github.com/micromark/micromark-extension-m
dx-jsx#unexpected-character-at-expected-expect"
}

--------------------------

Error: MDX compilation failed for file "D:\Hackathon 
Project\docs\PART_2\07_agent_ros_communication.md"
Cause: Unexpected character `=` (U+003D) before name, 
expected a character that can start a name, such as a 
letter, `$`, or `_`
Details:
{
  "column": 16,
  "file": "",
  "message": "Unexpected character `=` (U+003D) before 
name, expected a character that can start a name, such as a 
letter, `$`, or `_`",
  "line": 866,
  "name": "866:16",
  "place": {
    "_bufferIndex": 15,
    "_index": 6,
    "line": 866,
    "column": 16,
[1mclient[39m[22m (webpack 5.104.1) compiled with [1m[31m8 errors[39m[22m
    "offset": 30695
  },
  "reason": "Unexpected character `=` (U+003D) before name, 
expected a character that can start a name, such as a 
letter, `$`, or `_`",
  "ruleId": "unexpected-character",
  "source": "micromark-extension-mdx-jsx",
  "url": "https://github.com/micromark/micromark-extension-m
dx-jsx#unexpected-character-at-expected-expect"
}

--------------------------

Error: MDX compilation failed for file "D:\Hackathon 
Project\docs\PART_2\08_urdf_robot_description.md"
Cause: Unexpected character `!` (U+0021) before name, 
expected a character that can start a name, such as a 
letter, `$`, or `_` (note: to create a comment in MDX, use 
`{/* text */}`)
Details:
{
[90m[[90mwebpackbar[90m][39m [36mΓä╣[39m Compiling Client
  "column": 30,
  "file": "",
  "message": "Unexpected character `!` (U+0021) before 
name, expected a character that can start a name, such as a 
letter, `$`, or `_` (note: to create a comment in MDX, use 
`{/* text */}`)",
  "line": 840,
  "name": "840:30",
  "place": {
    "_bufferIndex": 29,
    "_index": 73,
    "line": 840,
    "column": 30,
    "offset": 26243
  },
  "reason": "Unexpected character `!` (U+0021) before name, 
expected a character that can start a name, such as a 
letter, `$`, or `_` (note: to create a comment in MDX, use 
`{/* text */}`)",
  "ruleId": "unexpected-character",
  "source": "micromark-extension-mdx-jsx",
  "url": "https://github.com/micromark/micromark-extension-m
dx-jsx#unexpected-character-at-expected-expect"
}

--------------------------

Error: MDX compilation failed for file "D:\Hackathon 
Project\docs\glossary.md"
Cause: Unexpected character `0` (U+0030) before name, 
expected a character that can start a name, such as a 
letter, `$`, or `_`
Details:
{
  "column": 50,
  "file": "",
  "message": "Unexpected character `0` (U+0030) before 
name, expected a character that can start a name, such as a 
letter, `$`, or `_`",
  "line": 38,
  "name": "38:50",
  "place": {
    "_bufferIndex": 47,
    "_index": 0,
    "line": 38,
    "column": 50,
    "offset": 1434
  },
  "reason": "Unexpected character `0` (U+0030) before name, 
expected a character that can start a name, such as a 
letter, `$`, or `_`",
  "ruleId": "unexpected-character",
  "source": "micromark-extension-mdx-jsx",
  "url": "https://github.com/micromark/micromark-extension-m
dx-jsx#unexpected-character-at-expected-expect"
}
[90m[[90mwebpackbar[90m][39m [32mΓ£ö[39m Client: Compiled with some errors in 1.53s
Error: MDX compilation failed for file "D:\Hackathon 
Project\docs\PART_1\01_physical_ai_fundamentals.md"
Cause: Unexpected character `1` (U+0031) before name, 
expected a character that can start a name, such as a 
letter, `$`, or `_`
Details:
{
  "column": 46,
  "file": "",
  "message": "Unexpected character `1` (U+0031) before 
name, expected a character that can start a name, such as a 
letter, `$`, or `_`",
  "line": 371,
  "name": "371:46",
  "place": {
    "_bufferIndex": 45,
    "_index": 6,
    "line": 371,
    "column": 46,
    "offset": 18219
  },
  "reason": "Unexpected character `1` (U+0031) before name, 
expected a character that can start a name, such as a 
letter, `$`, or `_`",
  "ruleId": "unexpected-character",
  "source": "micromark-extension-mdx-jsx",
  "url": "https://github.com/micromark/micromark-extension-m
dx-jsx#unexpected-character-at-expected-expect"
}

--------------------------

Error: MDX compilation failed for file "D:\Hackathon 
Project\docs\PART_1\02_robotics_systems.md"
Cause: Unexpected character `1` (U+0031) before name, 
expected a character that can start a name, such as a 
letter, `$`, or `_`
Details:
{
  "column": 14,
  "file": "",
  "message": "Unexpected character `1` (U+0031) before 
name, expected a character that can start a name, such as a 
letter, `$`, or `_`",
  "line": 84,
  "name": "84:14",
  "place": {
    "_bufferIndex": 11,
    "_index": 0,
    "line": 84,
    "column": 14,
    "offset": 5338
  },
  "reason": "Unexpected character `1` (U+0031) before name, 
expected a character that can start a name, such as a 
letter, `$`, or `_`",
  "ruleId": "unexpected-character",
  "source": "micromark-extension-mdx-jsx",
  "url": "https://github.com/micromark/micromark-extension-m
dx-jsx#unexpected-character-at-expected-expect"
}

--------------------------

Error: MDX compilation failed for file "D:\Hackathon 
Project\docs\PART_1\03_sim_to_reality.md"
Cause: Unexpected character `8` (U+0038) before name, 
expected a character that can start a name, such as a 
letter, `$`, or `_`
Details:
{
  "column": 29,
  "file": "",
  "message": "Unexpected character `8` (U+0038) before 
name, expected a character that can start a name, such as a 
letter, `$`, or `_`",
  "line": 785,
  "name": "785:29",
  "place": {
    "_bufferIndex": 25,
    "_index": 0,
    "line": 785,
    "column": 29,
    "offset": 40035
  },
  "reason": "Unexpected character `8` (U+0038) before name, 
expected a character that can start a name, such as a 
letter, `$`, or `_`",
  "ruleId": "unexpected-character",
  "source": "micromark-extension-mdx-jsx",
  "url": "https://github.com/micromark/micromark-extension-m
dx-jsx#unexpected-character-at-expected-expect"
}

--------------------------

Error: MDX compilation failed for file "D:\Hackathon 
Project\docs\PART_2\05_nodes_topics_services_actions.md"
Cause: Unexpected character `1` (U+0031) before name, 
expected a character that can start a name, such as a 
letter, `$`, or `_`
Details:
{
  "column": 65,
  "file": "",
  "message": "Unexpected character `1` (U+0031) before 
name, expected a character that can start a name, such as a 
letter, `$`, or `_`",
  "line": 149,
  "name": "149:65",
  "place": {
    "_bufferIndex": 61,
    "_index": 0,
    "line": 149,
    "column": 65,
    "offset": 6548
  },
  "reason": "Unexpected character `1` (U+0031) before name, 
expected a character that can start a name, such as a 
letter, `$`, or `_`",
  "ruleId": "unexpected-character",
  "source": "micromark-extension-mdx-jsx",
  "url": "https://github.com/micromark/micromark-extension-m
dx-jsx#unexpected-character-at-expected-expect"
}

--------------------------

Error: MDX compilation failed for file "D:\Hackathon 
Project\docs\PART_2\06_python_ros2_development.md"
Cause: Unexpected character `1` (U+0031) before name, 
expected a character that can start a name, such as a 
letter, `$`, or `_`
Details:
{
  "column": 22,
  "file": "",
  "message": "Unexpected character `1` (U+0031) before 
name, expected a character that can start a name, such as a 
letter, `$`, or `_`",
  "line": 266,
  "name": "266:22",
  "place": {
    "_bufferIndex": 21,
    "_index": 0,
    "line": 266,
    "column": 22,
    "offset": 8010
  },
  "reason": "Unexpected character `1` (U+0031) before name, 
expected a character that can start a name, such as a 
letter, `$`, or `_`",
  "ruleId": "unexpected-character",
  "source": "micromark-extension-mdx-jsx",
  "url": "https://github.com/micromark/micromark-extension-m
dx-jsx#unexpected-character-at-expected-expect"
}

--------------------------

Error: MDX compilation failed for file "D:\Hackathon 
Project\docs\PART_2\07_agent_ros_communication.md"
Cause: Unexpected character `=` (U+003D) before name, 
expected a character that can start a name, such as a 
letter, `$`, or `_`
Details:
{
  "column": 16,
  "file": "",
  "message": "Unexpected character `=` (U+003D) before 
name, expected a character that can start a name, such as a 
letter, `$`, or `_`",
  "line": 866,
  "name": "866:16",
  "place": {
[1mclient[39m[22m (webpack 5.104.1) compiled with [1m[31m8 errors[39m[22m
    "_bufferIndex": 15,
    "_index": 6,
    "line": 866,
    "column": 16,
    "offset": 30695
  },
  "reason": "Unexpected character `=` (U+003D) before name, 
expected a character that can start a name, such as a 
letter, `$`, or `_`",
  "ruleId": "unexpected-character",
  "source": "micromark-extension-mdx-jsx",
  "url": "https://github.com/micromark/micromark-extension-m
dx-jsx#unexpected-character-at-expected-expect"
}

--------------------------

Error: MDX compilation failed for file "D:\Hackathon 
Project\docs\PART_2\08_urdf_robot_description.md"
Cause: Unexpected character `!` (U+0021) before name, 
expected a character that can start a name, such as a 
letter, `$`, or `_` (note: to create a comment in MDX, use 
`{/* text */}`)
Details:
{
  "column": 30,
  "file": "",
  "message": "Unexpected character `!` (U+0021) before 
name, expected a character that can start a name, such as a 
letter, `$`, or `_` (note: to create a comment in MDX, use 
`{/* text */}`)",
  "line": 840,
  "name": "840:30",
  "place": {
    "_bufferIndex": 29,
    "_index": 73,
    "line": 840,
    "column": 30,
    "offset": 26243
  },
  "reason": "Unexpected character `!` (U+0021) before name, 
expected a character that can start a name, such as a 
letter, `$`, or `_` (note: to create a comment in MDX, use 
`{/* text */}`)",
  "ruleId": "unexpected-character",
  "source": "micromark-extension-mdx-jsx",
  "url": "https://github.com/micromark/micromark-extension-m
dx-jsx#unexpected-character-at-expected-expect"
}

--------------------------

Error: MDX compilation failed for file "D:\Hackathon 
Project\docs\glossary.md"
Cause: Unexpected character `0` (U+0030) before name, 
expected a character that can start a name, such as a 
letter, `$`, or `_`
Details:
{
  "column": 50,
  "file": "",
  "message": "Unexpected character `0` (U+0030) before 
name, expected a character that can start a name, such as a 
letter, `$`, or `_`",
  "line": 38,
  "name": "38:50",
  "place": {
    "_bufferIndex": 47,
    "_index": 0,
    "line": 38,
    "column": 50,
    "offset": 1434
  },
  "reason": "Unexpected character `0` (U+0030) before name, 
expected a character that can start a name, such as a 
letter, `$`, or `_`",
  "ruleId": "unexpected-character",
  "source": "micromark-extension-mdx-jsx",
  "url": "https://github.com/micromark/micromark-extension-m
dx-jsx#unexpected-character-at-expected-expect"
}
